audiobook_organizer_operations_started_total	counter	type
audiobook_organizer_operations_completed_total	counter	type
audiobook_organizer_operations_failed_total	counter	type
audiobook_organizer_operations_canceled_total	counter	type
audiobook_organizer_operation_duration_seconds	histogram	type
audiobook_organizer_books_total	gauge	
audiobook_organizer_search_index_docs_total	gauge	
audiobook_organizer_search_index_dropped_total	counter	
audiobook_organizer_op_activity_mirror_dropped_total	counter	
audiobook_organizer_sort_by_requested_total	counter	field
audiobook_organizer_operation_deprecated_def_id_total	counter	alias,entry
audiobook_organizer_search_cache_patch_cap_rebuilds_total	counter	
audiobook_organizer_search_cache_rebuilds_total	counter	
audiobook_organizer_search_index_dirty_backlog	gauge	
audiobook_organizer_opchange_by_book_index_trusted	gauge	
audiobook_organizer_opsv2_timeline_index_trusted	gauge	
audiobook_organizer_merge_user_state_pending	gauge	
audiobook_organizer_harvest_authors	gauge	state
audiobook_organizer_catalog_entries_stale	gauge	
audiobook_organizer_import_paths_total	gauge	
audiobook_organizer_process_memory_alloc_bytes	gauge	
audiobook_organizer_process_goroutines	gauge	
audiobook_organizer_cache_hits_total	counter	cache
audiobook_organizer_cache_misses_total	counter	cache,reason
audiobook_organizer_cache_sets_total	counter	cache
audiobook_organizer_cache_invalidations_total	counter	cache,scope
audiobook_organizer_cache_evictions_total	counter	cache,reason
audiobook_organizer_cache_size	gauge	cache
audiobook_organizer_cache_get_duration_seconds	histogram	cache
audiobook_organizer_organize_target_path_collision_total	counter	
audiobook_organizer_ai_backend_available	gauge	backend
audiobook_organizer_op_items_processed	gauge	op_id,op_type
audiobook_organizer_op_items_total	gauge	op_id,op_type
audiobook_organizer_abs_listening_stats_read_failures_total	counter	
audiobook_organizer_filename_parse_total	counter	outcome,shape
audiobook_organizer_metadata_fetch_total	counter	provider,source
audiobook_organizer_review_index_request_seconds	histogram	view
audiobook_organizer_number_leading_titles	gauge	
audiobook_organizer_fixer_duration_seconds	histogram	fixer,phase
ai_dispatch_requests_total	counter	capability,endpoint,outcome
ai_dispatch_inflight	gauge	endpoint
ai_dispatch_failover_total	counter	capability,class,endpoint
ai_dispatch_no_capable_total	counter	capability
ai_dispatch_slot_wait_seconds	histogram	endpoint
audiobook_organizer_pebble_block_cache_bytes	gauge	store
audiobook_organizer_pebble_block_cache_blocks	gauge	store
audiobook_organizer_pebble_block_cache_hits_total	counter	store
audiobook_organizer_pebble_block_cache_misses_total	counter	store
audiobook_organizer_pebble_filter_hits_total	counter	store
audiobook_organizer_pebble_filter_misses_total	counter	store
audiobook_organizer_pebble_read_amplification	gauge	store
audiobook_organizer_pebble_l0_files	gauge	store
audiobook_organizer_pebble_l0_sublevels	gauge	store
audiobook_organizer_pebble_compactions_total	counter	store
audiobook_organizer_pebble_compaction_debt_bytes	gauge	store
audiobook_organizer_pebble_compactions_in_progress	gauge	store
audiobook_organizer_pebble_compaction_in_progress_bytes	gauge	store
audiobook_organizer_pebble_memtable_bytes	gauge	store
audiobook_organizer_pebble_memtables	gauge	store
audiobook_organizer_pebble_wal_bytes	gauge	store
audiobook_organizer_pebble_wal_physical_bytes	gauge	store
audiobook_organizer_pebble_wal_files	gauge	store
audiobook_organizer_pebble_disk_usage_bytes	gauge	store
audiobook_organizer_pebble_level_bytes	gauge	level,store
audiobook_organizer_pebble_level_files	gauge	level,store
audiobook_organizer_pebble_level_write_amplification	gauge	level,store
audiobook_organizer_pebble_level_bytes_in_total	counter	level,store
audiobook_organizer_pebble_level_bytes_flushed_total	counter	level,store
audiobook_organizer_pebble_level_bytes_compacted_total	counter	level,store
http_server_request_duration_seconds	histogram	http_request_method,http_response_status_code,http_route,network_protocol_name,network_protocol_version,server_address,server_port,url_scheme	otelgin
http_server_request_body_size_bytes	histogram	http_request_method,http_response_status_code,http_route,network_protocol_name,network_protocol_version,server_address,server_port,url_scheme	otelgin
http_server_response_body_size_bytes	histogram	http_request_method,http_response_status_code,http_route,network_protocol_name,network_protocol_version,server_address,server_port,url_scheme	otelgin
